exports[`<TripDate /> renders correctly 1`] = `
<View>
  <Text
    accessible={true}
    allowFontScaling={true}
    ellipsizeMode="tail"
    style={
      Object {
        "color": "rgba(0,0,0,0.54)",
        "fontSize": 12,
      }
    }>
    vom
  </Text>
  <Text
    accessible={true}
    allowFontScaling={true}
    ellipsizeMode="tail"
    style={
      Object {
        "color": "rgba(0,0,0,0.87)",
        "fontSize": 16,
        "fontWeight": "500",
      }
    }>
    10.04.2017
  </Text>
</View>
`;
